// Jest Snapshot v1, https://goo.gl/fbAQLP

exports[`renders homepage unchanged 1`] = `
<div>
  <div
    class="container"
  >
    <main>
      <h1
        class="title"
      >
        Line Status
      </h1>
      <p
        class="description"
      >
        Current status of London underground lines [F5] to refresh data.
      </p>
      <div
        class="grid"
      >
        <div
          class="card"
          id="bakerloo"
        >
          Name: 
          Bakerloo
           status: 
          Part Closure
        </div>
        <div
          class="card"
          id="central"
        >
          Name: 
          Central
           status: 
          Good Service
        </div>
        <div
          class="card"
          id="circle"
        >
          Name: 
          Circle
           status: 
          Severe Delays
        </div>
        <div
          class="card"
          id="district"
        >
          Name: 
          District
           status: 
          Good Service
        </div>
        <div
          class="card"
          id="hammersmith-city"
        >
          Name: 
          Hammersmith & City
           status: 
          Severe Delays
        </div>
        <div
          class="card"
          id="jubilee"
        >
          Name: 
          Jubilee
           status: 
          Good Service
        </div>
        <div
          class="card"
          id="metropolitan"
        >
          Name: 
          Metropolitan
           status: 
          Good Service
        </div>
        <div
          class="card"
          id="northern"
        >
          Name: 
          Northern
           status: 
          Good Service
        </div>
        <div
          class="card"
          id="piccadilly"
        >
          Name: 
          Piccadilly
           status: 
          Severe Delays
        </div>
        <div
          class="card"
          id="victoria"
        >
          Name: 
          Victoria
           status: 
          Good Service
        </div>
        <div
          class="card"
          id="waterloo-city"
        >
          Name: 
          Waterloo & City
           status: 
          Planned Closure
        </div>
      </div>
    </main>
    <footer
      class="footer"
    />
  </div>
</div>
`;
