// Jest Snapshot v1, https://goo.gl/fbAQLP

exports[`Line Status List renders Line Info List unchanged 1`] = `
<div>
  <div
    class="grid gridOuter"
    role="list"
  >
    <div
      class="card grid"
      id="bakerloo"
      role="listitem"
    >
      <div>
        Bakerloo
      </div>
       
      <div>
        Part Closure
      </div>
    </div>
    <div
      class="card grid"
      id="central"
      role="listitem"
    >
      <div>
        Central
      </div>
       
      <div>
        Good Service
      </div>
    </div>
    <div
      class="card grid"
      id="circle"
      role="listitem"
    >
      <div>
        Circle
      </div>
       
      <div>
        Severe Delays
      </div>
    </div>
    <div
      class="card grid"
      id="district"
      role="listitem"
    >
      <div>
        District
      </div>
       
      <div>
        Good Service
      </div>
    </div>
    <div
      class="card grid"
      id="hammersmith-city"
      role="listitem"
    >
      <div>
        Hammersmith & City
      </div>
       
      <div>
        Severe Delays
      </div>
    </div>
    <div
      class="card grid"
      id="jubilee"
      role="listitem"
    >
      <div>
        Jubilee
      </div>
       
      <div>
        Good Service
      </div>
    </div>
    <div
      class="card grid"
      id="metropolitan"
      role="listitem"
    >
      <div>
        Metropolitan
      </div>
       
      <div>
        Good Service
      </div>
    </div>
    <div
      class="card grid"
      id="northern"
      role="listitem"
    >
      <div>
        Northern
      </div>
       
      <div>
        Good Service
      </div>
    </div>
    <div
      class="card grid"
      id="piccadilly"
      role="listitem"
    >
      <div>
        Piccadilly
      </div>
       
      <div>
        Severe Delays
      </div>
    </div>
    <div
      class="card grid"
      id="victoria"
      role="listitem"
    >
      <div>
        Victoria
      </div>
       
      <div>
        Good Service
      </div>
    </div>
    <div
      class="card grid"
      id="waterloo-city"
      role="listitem"
    >
      <div>
        Waterloo & City
      </div>
       
      <div>
        Planned Closure
      </div>
    </div>
  </div>
</div>
`;
