// Jest Snapshot v1, https://goo.gl/fbAQLP

exports[`Line Status List renders Line Info List unchanged 1`] = `
<div>
  <ul
    class="grid gridOuter"
  >
    <li
      class="card grid"
      id="bakerloo"
      tabindex="0"
    >
      <div
        class="bakerloo linecolor"
      />
      <div>
        Bakerloo
      </div>
       
      <div>
        Part Closure
      </div>
    </li>
    <li
      class="card grid"
      id="central"
      tabindex="0"
    >
      <div
        class="central linecolor"
      />
      <div>
        Central
      </div>
       
      <div>
        Good Service
      </div>
    </li>
    <li
      class="card grid"
      id="circle"
      tabindex="0"
    >
      <div
        class="circle linecolor"
      />
      <div>
        Circle
      </div>
       
      <div>
        Severe Delays
      </div>
    </li>
    <li
      class="card grid"
      id="district"
      tabindex="0"
    >
      <div
        class="district linecolor"
      />
      <div>
        District
      </div>
       
      <div>
        Good Service
      </div>
    </li>
    <li
      class="card grid"
      id="hammersmith-city"
      tabindex="0"
    >
      <div
        class="hammersmith-city linecolor"
      />
      <div>
        Hammersmith & City
      </div>
       
      <div>
        Severe Delays
      </div>
    </li>
    <li
      class="card grid"
      id="jubilee"
      tabindex="0"
    >
      <div
        class="jubilee linecolor"
      />
      <div>
        Jubilee
      </div>
       
      <div>
        Good Service
      </div>
    </li>
    <li
      class="card grid"
      id="metropolitan"
      tabindex="0"
    >
      <div
        class="metropolitan linecolor"
      />
      <div>
        Metropolitan
      </div>
       
      <div>
        Good Service
      </div>
    </li>
    <li
      class="card grid"
      id="northern"
      tabindex="0"
    >
      <div
        class="northern linecolor"
      />
      <div>
        Northern
      </div>
       
      <div>
        Good Service
      </div>
    </li>
    <li
      class="card grid"
      id="piccadilly"
      tabindex="0"
    >
      <div
        class="piccadilly linecolor"
      />
      <div>
        Piccadilly
      </div>
       
      <div>
        Severe Delays
      </div>
    </li>
    <li
      class="card grid"
      id="victoria"
      tabindex="0"
    >
      <div
        class="victoria linecolor"
      />
      <div>
        Victoria
      </div>
       
      <div>
        Good Service
      </div>
    </li>
    <li
      class="card grid"
      id="waterloo-city"
      tabindex="0"
    >
      <div
        class="waterloo-city linecolor"
      />
      <div>
        Waterloo & City
      </div>
       
      <div>
        Planned Closure
      </div>
    </li>
  </ul>
</div>
`;
